// Jest Snapshot v1, https://goo.gl/fbAQLP

exports[`Not found div is rendered 1`] = `
<div>
  <h2>
    Not Found
  </h2>
</div>
`;
